[INFO] Scanning for projects...
[INFO] 
[INFO] ----------------------< com.commercex:commercex >-----------------------
[INFO] Building  0.0.1-SNAPSHOT
[INFO]   from pom.xml
[INFO] --------------------------------[ jar ]---------------------------------
[INFO] 
[INFO] --- resources:3.3.1:resources (default-resources) @ commercex ---
[INFO] Copying 1 resource from src\main\resources to target\classes
[INFO] Copying 0 resource from src\main\resources to target\classes
[INFO] 
[INFO] --- compiler:3.14.1:compile (default-compile) @ commercex ---
[INFO] Nothing to compile - all classes are up to date.
[INFO] 
[INFO] --- resources:3.3.1:testResources (default-testResources) @ commercex ---
[INFO] Copying 1 resource from src\test\resources to target\test-classes
[INFO] 
[INFO] --- compiler:3.14.1:testCompile (default-testCompile) @ commercex ---
[INFO] Nothing to compile - all classes are up to date.
[INFO] 
[INFO] --- surefire:3.5.5:test (default-test) @ commercex ---
[INFO] Using auto detected provider org.apache.maven.surefire.junitplatform.JUnitPlatformProvider
[INFO] 
[INFO] -------------------------------------------------------
[INFO]  T E S T S
[INFO] -------------------------------------------------------
[INFO] Running com.commercex.product.service.ProductStockCacheIntegrationTest
21:20:19.028 [main] INFO org.springframework.test.context.support.AnnotationConfigContextLoaderUtils -- Could not detect default configuration classes for test class [com.commercex.product.service.ProductStockCacheIntegrationTest]: ProductStockCacheIntegrationTest does not declare any static, non-private, non-final, nested classes annotated with @Configuration.
21:20:19.265 [main] INFO org.springframework.boot.test.context.SpringBootTestContextBootstrapper -- Found @SpringBootConfiguration com.commercex.CommercexApplication for test class com.commercex.product.service.ProductStockCacheIntegrationTest
21:20:19.378 [main] INFO org.springframework.test.context.support.AnnotationConfigContextLoaderUtils -- Could not detect default configuration classes for test class [com.commercex.product.service.ProductStockCacheIntegrationTest]: ProductStockCacheIntegrationTest does not declare any static, non-private, non-final, nested classes annotated with @Configuration.
21:20:19.397 [main] INFO org.springframework.boot.test.context.SpringBootTestContextBootstrapper -- Found @SpringBootConfiguration com.commercex.CommercexApplication for test class com.commercex.product.service.ProductStockCacheIntegrationTest
[INFO] Running Stock Update Operations
21:20:19.429 [main] INFO org.springframework.test.context.support.AnnotationConfigContextLoaderUtils -- Could not detect default configuration classes for test class [com.commercex.product.service.ProductStockCacheIntegrationTest$StockUpdateTests]: StockUpdateTests does not declare any static, non-private, non-final, nested classes annotated with @Configuration.
21:20:19.459 [main] INFO org.springframework.boot.test.context.SpringBootTestContextBootstrapper -- Found @SpringBootConfiguration com.commercex.CommercexApplication for test class com.commercex.product.service.ProductStockCacheIntegrationTest$StockUpdateTests
21:20:19.462 [main] INFO org.springframework.test.context.support.AnnotationConfigContextLoaderUtils -- Could not detect default configuration classes for test class [com.commercex.product.service.ProductStockCacheIntegrationTest$StockUpdateTests]: StockUpdateTests does not declare any static, non-private, non-final, nested classes annotated with @Configuration.
21:20:19.462 [main] INFO org.springframework.test.context.support.AnnotationConfigContextLoaderUtils -- Could not detect default configuration classes for test class [com.commercex.product.service.ProductStockCacheIntegrationTest]: ProductStockCacheIntegrationTest does not declare any static, non-private, non-final, nested classes annotated with @Configuration.
21:20:19.467 [main] INFO org.springframework.boot.test.context.SpringBootTestContextBootstrapper -- Found @SpringBootConfiguration com.commercex.CommercexApplication for test class com.commercex.product.service.ProductStockCacheIntegrationTest$StockUpdateTests
21:20:19.553 [main] INFO org.springframework.boot.devtools.restart.RestartApplicationListener -- Restart disabled due to context in which it is running

  .   ____          _            __ _ _
 /\\ / ___'_ __ _ _(_)_ __  __ _ \ \ \ \
( ( )\___ | '_ | '_| | '_ \/ _` | \ \ \ \
 \\/  ___)| |_)| | | | | || (_| |  ) ) ) )
  '  |____| .__|_| |_|_| |_\__, | / / / /
 =========|_|==============|___/=/_/_/_/

 :: Spring Boot ::                (v4.0.4)

2026-03-27T21:20:20.013+05:30  INFO 235228 --- [commercex] [           main] ockCacheIntegrationTest$StockUpdateTests : Starting ProductStockCacheIntegrationTest.StockUpdateTests using Java 21.0.9 with PID 235228 (started by cjaripit in C:\Users\cjaripit\OneDrive - Cisco\Documents\Backend-Project\commercex\commercex)
2026-03-27T21:20:20.015+05:30  INFO 235228 --- [commercex] [           main] ockCacheIntegrationTest$StockUpdateTests : The following 1 profile is active: "integration"
2026-03-27T21:20:21.495+05:30  INFO 235228 --- [commercex] [           main] .s.d.r.c.RepositoryConfigurationDelegate : Multiple Spring Data modules found, entering strict repository configuration mode
2026-03-27T21:20:21.502+05:30  INFO 235228 --- [commercex] [           main] .s.d.r.c.RepositoryConfigurationDelegate : Bootstrapping Spring Data JPA repositories in DEFAULT mode.
2026-03-27T21:20:21.914+05:30  INFO 235228 --- [commercex] [           main] .s.d.r.c.RepositoryConfigurationDelegate : Finished Spring Data repository scanning in 393 ms. Found 9 JPA repository interfaces.
2026-03-27T21:20:21.976+05:30  INFO 235228 --- [commercex] [           main] .s.d.r.c.RepositoryConfigurationDelegate : Multiple Spring Data modules found, entering strict repository configuration mode
2026-03-27T21:20:21.978+05:30  INFO 235228 --- [commercex] [           main] .s.d.r.c.RepositoryConfigurationDelegate : Bootstrapping Spring Data Redis repositories in DEFAULT mode.
2026-03-27T21:20:22.053+05:30  INFO 235228 --- [commercex] [           main] .RepositoryConfigurationExtensionSupport : Spring Data Redis - Could not safely identify store assignment for repository candidate interface com.commercex.cart.repository.CartItemRepository; If you want this repository to be a Redis repository, consider annotating your entities with one of these annotations: org.springframework.data.redis.core.RedisHash (preferred), or consider extending one of the following types with your repository: org.springframework.data.keyvalue.repository.KeyValueRepository
2026-03-27T21:20:22.053+05:30  INFO 235228 --- [commercex] [           main] .RepositoryConfigurationExtensionSupport : Spring Data Redis - Could not safely identify store assignment for repository candidate interface com.commercex.cart.repository.CartRepository; If you want this repository to be a Redis repository, consider annotating your entities with one of these annotations: org.springframework.data.redis.core.RedisHash (preferred), or consider extending one of the following types with your repository: org.springframework.data.keyvalue.repository.KeyValueRepository
2026-03-27T21:20:22.053+05:30  INFO 235228 --- [commercex] [           main] .RepositoryConfigurationExtensionSupport : Spring Data Redis - Could not safely identify store assignment for repository candidate interface com.commercex.category.repository.CategoryRepository; If you want this repository to be a Redis repository, consider annotating your entities with one of these annotations: org.springframework.data.redis.core.RedisHash (preferred), or consider extending one of the following types with your repository: org.springframework.data.keyvalue.repository.KeyValueRepository
2026-03-27T21:20:22.053+05:30  INFO 235228 --- [commercex] [           main] .RepositoryConfigurationExtensionSupport : Spring Data Redis - Could not safely identify store assignment for repository candidate interface com.commercex.order.repository.OrderItemRepository; If you want this repository to be a Redis repository, consider annotating your entities with one of these annotations: org.springframework.data.redis.core.RedisHash (preferred), or consider extending one of the following types with your repository: org.springframework.data.keyvalue.repository.KeyValueRepository
2026-03-27T21:20:22.053+05:30  INFO 235228 --- [commercex] [           main] .RepositoryConfigurationExtensionSupport : Spring Data Redis - Could not safely identify store assignment for repository candidate interface com.commercex.order.repository.OrderRepository; If you want this repository to be a Redis repository, consider annotating your entities with one of these annotations: org.springframework.data.redis.core.RedisHash (preferred), or consider extending one of the following types with your repository: org.springframework.data.keyvalue.repository.KeyValueRepository
2026-03-27T21:20:22.060+05:30  INFO 235228 --- [commercex] [           main] .RepositoryConfigurationExtensionSupport : Spring Data Redis - Could not safely identify store assignment for repository candidate interface com.commercex.payment.repository.PaymentRepository; If you want this repository to be a Redis repository, consider annotating your entities with one of these annotations: org.springframework.data.redis.core.RedisHash (preferred), or consider extending one of the following types with your repository: org.springframework.data.keyvalue.repository.KeyValueRepository
2026-03-27T21:20:22.060+05:30  INFO 235228 --- [commercex] [           main] .RepositoryConfigurationExtensionSupport : Spring Data Redis - Could not safely identify store assignment for repository candidate interface com.commercex.product.repository.ProductRepository; If you want this repository to be a Redis repository, consider annotating your entities with one of these annotations: org.springframework.data.redis.core.RedisHash (preferred), or consider extending one of the following types with your repository: org.springframework.data.keyvalue.repository.KeyValueRepository
2026-03-27T21:20:22.060+05:30  INFO 235228 --- [commercex] [           main] .RepositoryConfigurationExtensionSupport : Spring Data Redis - Could not safely identify store assignment for repository candidate interface com.commercex.user.repository.PasswordResetTokenRepository; If you want this repository to be a Redis repository, consider annotating your entities with one of these annotations: org.springframework.data.redis.core.RedisHash (preferred), or consider extending one of the following types with your repository: org.springframework.data.keyvalue.repository.KeyValueRepository
2026-03-27T21:20:22.060+05:30  INFO 235228 --- [commercex] [           main] .RepositoryConfigurationExtensionSupport : Spring Data Redis - Could not safely identify store assignment for repository candidate interface com.commercex.user.repository.UserRepository; If you want this repository to be a Redis repository, consider annotating your entities with one of these annotations: org.springframework.data.redis.core.RedisHash (preferred), or consider extending one of the following types with your repository: org.springframework.data.keyvalue.repository.KeyValueRepository
2026-03-27T21:20:22.063+05:30  INFO 235228 --- [commercex] [           main] .s.d.r.c.RepositoryConfigurationDelegate : Finished Spring Data repository scanning in 53 ms. Found 0 Redis repository interfaces.
2026-03-27T21:20:22.973+05:30  INFO 235228 --- [commercex] [           main] org.hibernate.orm.jpa                    : HHH008540: Processing PersistenceUnitInfo [name: default]
2026-03-27T21:20:23.041+05:30  INFO 235228 --- [commercex] [           main] org.hibernate.orm.core                   : HHH000001: Hibernate ORM core version 7.2.7.Final
2026-03-27T21:20:23.916+05:30  INFO 235228 --- [commercex] [           main] o.s.o.j.p.SpringPersistenceUnitInfo      : No LoadTimeWeaver setup: ignoring JPA class transformer
2026-03-27T21:20:23.971+05:30  INFO 235228 --- [commercex] [           main] com.zaxxer.hikari.HikariDataSource       : HikariPool-1 - Starting...
2026-03-27T21:20:24.751+05:30  INFO 235228 --- [commercex] [           main] com.zaxxer.hikari.pool.HikariPool        : HikariPool-1 - Added connection org.postgresql.jdbc.PgConnection@2db6ba81
2026-03-27T21:20:24.751+05:30  INFO 235228 --- [commercex] [           main] com.zaxxer.hikari.HikariDataSource       : HikariPool-1 - Start completed.
2026-03-27T21:20:24.873+05:30  INFO 235228 --- [commercex] [           main] org.hibernate.orm.connections.pooling    : HHH10001005: Database info:
	Database JDBC URL [jdbc:postgresql://localhost:5432/commercex_test]
	Database driver: PostgreSQL JDBC Driver
	Database dialect: PostgreSQLDialect
	Database version: 18.3
	Default catalog/schema: commercex_test/public
	Autocommit mode: undefined/unknown
	Isolation level: READ_COMMITTED [default READ_COMMITTED]
	JDBC fetch size: none
	Pool: DataSourceConnectionProvider
	Minimum pool size: undefined/unknown
	Maximum pool size: undefined/unknown
2026-03-27T21:20:27.197+05:30  INFO 235228 --- [commercex] [           main] org.hibernate.orm.core                   : HHH000489: No JTA platform available (set 'hibernate.transaction.jta.platform' to enable JTA platform integration)
2026-03-27T21:20:27.502+05:30  INFO 235228 --- [commercex] [           main] j.LocalContainerEntityManagerFactoryBean : Initialized JPA EntityManagerFactory for persistence unit 'default'
2026-03-27T21:20:27.757+05:30  INFO 235228 --- [commercex] [           main] o.s.d.j.r.query.QueryEnhancerFactories   : Hibernate is in classpath; If applicable, HQL parser will be used.
2026-03-27T21:20:29.864+05:30  INFO 235228 --- [commercex] [           main] r$InitializeUserDetailsManagerConfigurer : Global AuthenticationManager configured with UserDetailsService bean with name userDetailsServiceImpl
2026-03-27T21:20:32.739+05:30  INFO 235228 --- [commercex] [           main] ockCacheIntegrationTest$StockUpdateTests : Started ProductStockCacheIntegrationTest.StockUpdateTests in 13.195 seconds (process running for 15.07)
.\mvnw.cmd : Mockito is currently self-attaching to enable the inline-mock-maker. This 
will no longer work in future releases of the JDK. Please add Mockito as an agent to your 
build as described in Mockito's documentation: https://javadoc.io/doc/org.mockito/mockito-
core/latest/org.mockito/org/mockito/Mockito.html#0.3
At line:1 char:143
+ ... " FLUSHALL; .\mvnw.cmd test -Dtest="ProductStockCacheIntegrationTest" ...
+                 ~~~~~~~~~~~~~~~~~~~~~~~~~~~~~~~~~~~~~~~~~~~~~~~~~~~~~~~~~
    + CategoryInfo          : NotSpecified: (Mockito is curr...ockito.html#0.3:String) [] 
   , RemoteException
    + FullyQualifiedErrorId : NativeCommandError
 
WARNING: A Java agent has been loaded dynamically (C:\Users\cjaripit\.m2\repository\net\by
tebuddy\byte-buddy-agent\1.17.8\byte-buddy-agent-1.17.8.jar)
WARNING: If a serviceability tool is in use, please run with 
-XX:+EnableDynamicAgentLoading to hide this warning
WARNING: If a serviceability tool is not in use, please run with 
-Djdk.instrument.traceUsage for more information
WARNING: Dynamic loading of agents will be disallowed by default in a future release
Java HotSpot(TM) 64-Bit Server VM warning: Sharing is only supported for boot loader 
classes because bootstrap classpath has been appended
[INFO] Tests run: 4, Failures: 0, Errors: 0, Skipped: 0, Time elapsed: 15.52 s -- in Stock Update Operations
[INFO] Running Cache Behavior
2026-03-27T21:20:34.960+05:30  INFO 235228 --- [commercex] [           main] t.c.s.AnnotationConfigContextLoaderUtils : Could not detect default configuration classes for test class [com.commercex.product.service.ProductStockCacheIntegrationTest$CacheTests]: CacheTests does not declare any static, non-private, non-final, nested classes annotated with @Configuration.
2026-03-27T21:20:34.972+05:30  INFO 235228 --- [commercex] [           main] .b.t.c.SpringBootTestContextBootstrapper : Found @SpringBootConfiguration com.commercex.CommercexApplication for test class com.commercex.product.service.ProductStockCacheIntegrationTest$CacheTests
2026-03-27T21:20:34.972+05:30  INFO 235228 --- [commercex] [           main] t.c.s.AnnotationConfigContextLoaderUtils : Could not detect default configuration classes for test class [com.commercex.product.service.ProductStockCacheIntegrationTest$CacheTests]: CacheTests does not declare any static, non-private, non-final, nested classes annotated with @Configuration.
2026-03-27T21:20:34.977+05:30  INFO 235228 --- [commercex] [           main] t.c.s.AnnotationConfigContextLoaderUtils : Could not detect default configuration classes for test class [com.commercex.product.service.ProductStockCacheIntegrationTest]: ProductStockCacheIntegrationTest does not declare any static, non-private, non-final, nested classes annotated with @Configuration.
2026-03-27T21:20:34.987+05:30  INFO 235228 --- [commercex] [           main] .b.t.c.SpringBootTestContextBootstrapper : Found @SpringBootConfiguration com.commercex.CommercexApplication for test class com.commercex.product.service.ProductStockCacheIntegrationTest$CacheTests
[INFO] Tests run: 4, Failures: 0, Errors: 0, Skipped: 0, Time elapsed: 0.396 s -- in Cache Behavior
[INFO] Tests run: 0, Failures: 0, Errors: 0, Skipped: 0, Time elapsed: 16.67 s -- in com.commercex.product.service.ProductStockCacheIntegrationTest
[INFO] 
[INFO] Results:
[INFO] 
[INFO] Tests run: 8, Failures: 0, Errors: 0, Skipped: 0
[INFO] 
[INFO] ------------------------------------------------------------------------
[INFO] BUILD SUCCESS
[INFO] ------------------------------------------------------------------------
[INFO] Total time:  21.926 s
[INFO] Finished at: 2026-03-27T21:20:36+05:30
[INFO] ------------------------------------------------------------------------
